Windows PowerShell
Copyright (C) Microsoft Corporation. All rights reserved.

Install the latest PowerShell for new features and improvements! https://aka.ms/PSWindows

PS C:\Users\DELL> kubectl get pods
NAME                                READY   STATUS    RESTARTS       AGE
hello-minikube-5c898d8489-7qbnb     1/1     Running   1 (131m ago)   145m
k8s-test-node-app-8b567cf94-s2b5r   1/1     Running   0              9m47s
PS C:\Users\DELL> kubectl get deployments
NAME                READY   UP-TO-DATE   AVAILABLE   AGE
hello-minikube      1/1     1            1           145m
k8s-test-node-app   1/1     1            1           10m
nginx-deployment    0/0     0            0           138m
PS C:\Users\DELL> kubectl scale ^C
PS C:\Users\DELL> D:
PS D:\> cd  kubectl delete deployment^C
PS D:\> kubectl get deployments
NAME                READY   UP-TO-DATE   AVAILABLE   AGE
hello-minikube      1/1     1            1           157m
k8s-test-node-app   1/1     1            1           22m
nginx-deployment    0/0     0            0           150m
PS D:\> kubectl delete deployment k8s-test-node-app
deployment.apps "k8s-test-node-app" deleted
PS D:\> kubectl delete deployment nginx-deployment
deployment.apps "nginx-deployment" deleted
PS D:\> cd .\Prashant\
PS D:\Prashant> cd .\development\
PS D:\Prashant\development> ls


    Directory: D:\Prashant\development


Mode                 LastWriteTime         Length Name
----                 -------------         ------ ----
d-----        28-04-2024     13:24                2024
d-----        02-07-2024     19:27                coding
d-----        10-06-2023     20:22                first-react-app
d-----        01-08-2024     12:19                GoLang
d-----        29-07-2024     21:12                GoLang Topics
d-----        26-07-2024     18:48                GoLangProjects
d-----        24-06-2024     18:04                goLangTrainingCode
d-----        03-08-2024     19:18                Go_Programming_Notes
d-----        02-05-2024     14:10                GraphQLServer
d-----        27-07-2024     22:09                javascript_hard_parts
d-----        02-05-2024     14:51                job-board-graphql
d-----        05-08-2024     09:13                kubectl
d-----        01-08-2024     19:24                mern_stack_notes
d-----        23-05-2024     11:32                nodeJsTrainingCode
d-----        10-05-2024     16:11                price_calculator_app
d-----        10-06-2023     20:31                react-18-playground
d-----        16-07-2024     15:33                ReactTrainingCode
d-----        17-05-2024     19:40                static-website
d-----        05-08-2024     10:19                test-pocs
d-----        27-07-2024     17:56                ticket_booking_system
d-----        01-05-2024     12:14                typescript
-a----        16-06-2024     12:21         336702 e_commerce_entities.png
-a----        21-06-2024     12:18            101 GoLang_workspace.code-workspace
-a----        20-06-2024     18:17             11 interview_20_june.md


PS D:\Prashant\development> cd .\kubectl\
PS D:\Prashant\development\kubectl> cd c^C
PS D:\Prashant\development\kubectl> cd ..
PS D:\Prashant\development> cd .\test-pocs\
PS D:\Prashant\development\test-pocs> docker^C
PS D:\Prashant\development\test-pocs> docker build -t psahni/test-node-app .
[+] Building 3.1s (11/11) FINISHED                                                                                                           docker:default
 => [internal] load build definition from Dockerfile                                                                                                   0.0s
 => => transferring dockerfile: 201B                                                                                                                   0.0s
 => [internal] load metadata for docker.io/library/node:alpine                                                                                         1.9s
 => [auth] library/node:pull token for registry-1.docker.io                                                                                            0.0s
 => [internal] load .dockerignore                                                                                                                      0.0s
 => => transferring context: 2B                                                                                                                        0.0s
 => [1/5] FROM docker.io/library/node:alpine@sha256:39005f06b2fae765764d6fdf20ad1c4d0890f5ad3e1f39b56a18768334b8ecd6                                   0.0s
 => [internal] load build context                                                                                                                      0.2s
 => => transferring context: 161.84kB                                                                                                                  0.1s
 => CACHED [2/5] WORKDIR /app                                                                                                                          0.0s
 => CACHED [3/5] COPY package.json package-lock.json ./                                                                                                0.0s
 => CACHED [4/5] RUN npm install                                                                                                                       0.0s
 => [5/5] COPY . ./                                                                                                                                    0.7s
 => exporting to image                                                                                                                                 0.2s
 => => exporting layers                                                                                                                                0.2s
 => => writing image sha256:3e98b62cf53260537c49b376b7ce2f22b29af6a2f9d0f508f5e91fceec3d664c                                                           0.0s
 => => naming to docker.io/psahni/test-node-app                                                                                                        0.0s

View build details: docker-desktop://dashboard/build/default/default/7d9vfxjjk75up7sk2q48nwh3h

What's Next?
  View a summary of image vulnerabilities and recommendations â†’ docker scout quickview
PS D:\Prashant\development\test-pocs> docker run -p 3000:3000  psahni/test-node-app

> test-pocs@1.0.0 start
> node app.js

Server is running on http://0.0.0.0:3000
npm error path /app
npm error command failed
npm error signal SIGINT
npm error command sh -c node app.js
npm error A complete log of this run can be found in: /root/.npm/_logs/2024-08-05T06_48_33_056Z-debug-0.log
PS D:\Prashant\development\test-pocs> kubctl create deployment^C
PS D:\Prashant\development\test-pocs> docker push
"docker push" requires exactly 1 argument.
See 'docker push --help'.

Usage:  docker push [OPTIONS] NAME[:TAG]

Upload an image to a registry
PS D:\Prashant\development\test-pocs> docker push psahni/test-node-app
Using default tag: latest
The push refers to repository [docker.io/psahni/test-node-app]
777b5097e4f0: Pushed
9e78a28b89d3: Layer already exists
bb7533b07bff: Layer already exists
d75187bbde68: Layer already exists
a64fa369054d: Layer already exists
1a944437090a: Layer already exists
4b76468bfe06: Layer already exists
78561cef0761: Layer already exists
latest: digest: sha256:527f526e401a2860b41ca5ae27926bb7dcb333f85d42684ad0471a6931c7d44f size: 1995
PS D:\Prashant\development\test-pocs> kubectl create deployment k8s-test-node-app --image=psahni/test-node-app
deployment.apps/k8s-test-node-app created
PS D:\Prashant\development\test-pocs> kubectl expose deployment k8s-test-node-app --port=3000
Error from server (AlreadyExists): services "k8s-test-node-app" already exists
PS D:\Prashant\development\test-pocs> kubectl get deployments
NAME                READY   UP-TO-DATE   AVAILABLE   AGE
hello-minikube      1/1     1            1           162m
k8s-test-node-app   1/1     1            1           85s
PS D:\Prashant\development\test-pocs> kubectl get deployments^C
PS D:\Prashant\development\test-pocs> kubectl get services
NAME                TYPE        CLUSTER-IP       EXTERNAL-IP   PORT(S)          AGE
hello-minikube      NodePort    10.106.206.120   <none>        8080:30661/TCP   162m
k8s-test-node-app   ClusterIP   10.104.121.218   <none>        3000/TCP         25m
kubernetes          ClusterIP   10.96.0.1        <none>        443/TCP          172m
PS D:\Prashant\development\test-pocs> kubectl delete deployment k8s-test-node-app
deployment.apps "k8s-test-node-app" deleted
PS D:\Prashant\development\test-pocs> kubectl delete deployment k8s-test-node-app --froce
error: unknown flag: --froce
See 'kubectl delete --help' for usage.
PS D:\Prashant\development\test-pocs> kubectl delete deployment k8s-test-node-app --force
Warning: Immediate deletion does not wait for confirmation that the running resource has been terminated. The resource may continue to run on the cluster indefinitely.
Error from server (NotFound): deployments.apps "k8s-test-node-app" not found
PS D:\Prashant\development\test-pocs> docker get deployments
docker: 'get' is not a docker command.
See 'docker --help'
PS D:\Prashant\development\test-pocs> kubectl get deployments
NAME             READY   UP-TO-DATE   AVAILABLE   AGE
hello-minikube   1/1     1            1           164m
PS D:\Prashant\development\test-pocs> docker push psahni/test-node-app:v1
The push refers to repository [docker.io/psahni/test-node-app]
tag does not exist: psahni/test-node-app:v1
PS D:\Prashant\development\test-pocs> docker build -t psahni/test-node-app:v1 .
2024/08/05 12:23:58 http2: server: error reading preface from client //./pipe/docker_engine: file has already been closed
[+] Building 1.9s (11/11) FINISHED                                                                                                           docker:default
 => [internal] load build definition from Dockerfile                                                                                                   0.0s
 => => transferring dockerfile: 201B                                                                                                                   0.0s
 => [internal] load metadata for docker.io/library/node:alpine                                                                                         1.7s
 => [auth] library/node:pull token for registry-1.docker.io                                                                                            0.0s
 => [internal] load .dockerignore                                                                                                                      0.0s
 => => transferring context: 2B                                                                                                                        0.0s
 => [1/5] FROM docker.io/library/node:alpine@sha256:39005f06b2fae765764d6fdf20ad1c4d0890f5ad3e1f39b56a18768334b8ecd6                                   0.0s
 => [internal] load build context                                                                                                                      0.1s
 => => transferring context: 160.88kB                                                                                                                  0.1s
 => CACHED [2/5] WORKDIR /app                                                                                                                          0.0s
 => CACHED [3/5] COPY package.json package-lock.json ./                                                                                                0.0s
 => CACHED [4/5] RUN npm install                                                                                                                       0.0s
 => CACHED [5/5] COPY . ./                                                                                                                             0.0s
 => exporting to image                                                                                                                                 0.0s
 => => exporting layers                                                                                                                                0.0s
 => => writing image sha256:3e98b62cf53260537c49b376b7ce2f22b29af6a2f9d0f508f5e91fceec3d664c                                                           0.0s
 => => naming to docker.io/psahni/test-node-app:v1                                                                                                     0.0s

View build details: docker-desktop://dashboard/build/default/default/udz0q2k4w3k4gjvn6na7l6n67

What's Next?
  View a summary of image vulnerabilities and recommendations â†’ docker scout quickview
PS D:\Prashant\development\test-pocs> docker push psahni/test-node-app:v1
The push refers to repository [docker.io/psahni/test-node-app]
777b5097e4f0: Layer already exists
9e78a28b89d3: Layer already exists
bb7533b07bff: Layer already exists
d75187bbde68: Layer already exists
a64fa369054d: Layer already exists
1a944437090a: Layer already exists
4b76468bfe06: Layer already exists
78561cef0761: Layer already exists
v1: digest: sha256:527f526e401a2860b41ca5ae27926bb7dcb333f85d42684ad0471a6931c7d44f size: 1995
PS D:\Prashant\development\test-pocs> kubectl create deployment k8s-test-node-app --image=psahni/test-node-app:v1
deployment.apps/k8s-test-node-app created
PS D:\Prashant\development\test-pocs> kubectl get deployments
NAME                READY   UP-TO-DATE   AVAILABLE   AGE
hello-minikube      1/1     1            1           165m
k8s-test-node-app   1/1     1            1           4s
PS D:\Prashant\development\test-pocs> kubectl get pods
NAME                                 READY   STATUS    RESTARTS       AGE
hello-minikube-5c898d8489-7qbnb      1/1     Running   1 (150m ago)   165m
k8s-test-node-app-7d68f496f9-shkvg   1/1     Running   0              8s
PS D:\Prashant\development\test-pocs> kubectl expose deployment k8s-test-node-app --port=3000
Error from server (AlreadyExists): services "k8s-test-node-app" already exists
PS D:\Prashant\development\test-pocs> kubectl get services
NAME                TYPE        CLUSTER-IP       EXTERNAL-IP   PORT(S)          AGE
hello-minikube      NodePort    10.106.206.120   <none>        8080:30661/TCP   165m
k8s-test-node-app   ClusterIP   10.104.121.218   <none>        3000/TCP         28m
kubernetes          ClusterIP   10.96.0.1        <none>        443/TCP          175m
PS D:\Prashant\development\test-pocs> kubectl delete deployment k8s-test-node-app --force
Warning: Immediate deletion does not wait for confirmation that the running resource has been terminated. The resource may continue to run on the cluster indefinitely.
deployment.apps "k8s-test-node-app" force deleted
PS D:\Prashant\development\test-pocs> kubectl get pods
NAME                              READY   STATUS    RESTARTS       AGE
hello-minikube-5c898d8489-7qbnb   1/1     Running   1 (151m ago)   166m
PS D:\Prashant\development\test-pocs> kubectl get services
NAME                TYPE        CLUSTER-IP       EXTERNAL-IP   PORT(S)          AGE
hello-minikube      NodePort    10.106.206.120   <none>        8080:30661/TCP   166m
k8s-test-node-app   ClusterIP   10.104.121.218   <none>        3000/TCP         29m
kubernetes          ClusterIP   10.96.0.1        <none>        443/TCP          176m
PS D:\Prashant\development\test-pocs> kubectl delete servics k8s-test-node-app
error: the server doesn't have a resource type "servics"
PS D:\Prashant\development\test-pocs> kubectl delete services k8s-test-node-app
service "k8s-test-node-app" deleted
PS D:\Prashant\development\test-pocs> kubectl delete services k8s-test-node-app --force
Warning: Immediate deletion does not wait for confirmation that the running resource has been terminated. The resource may continue to run on the cluster indefinitely.
Error from server (NotFound): services "k8s-test-node-app" not found
PS D:\Prashant\development\test-pocs> kubectl get services
NAME             TYPE        CLUSTER-IP       EXTERNAL-IP   PORT(S)          AGE
hello-minikube   NodePort    10.106.206.120   <none>        8080:30661/TCP   166m
kubernetes       ClusterIP   10.96.0.1        <none>        443/TCP          176m
PS D:\Prashant\development\test-pocs> kubectl create deployment k8s-test-node-app --image=psahni/test-node-app:v1
deployment.apps/k8s-test-node-app created
PS D:\Prashant\development\test-pocs> kubectl get pods
NAME                                 READY   STATUS    RESTARTS       AGE
hello-minikube-5c898d8489-7qbnb      1/1     Running   1 (152m ago)   167m
k8s-test-node-app-7d68f496f9-7hqzn   1/1     Running   0              6s
PS D:\Prashant\development\test-pocs> kubectl expose deployment k8s-test-node-app --port=3000
service/k8s-test-node-app exposed
PS D:\Prashant\development\test-pocs> kubectl get services
NAME                TYPE        CLUSTER-IP       EXTERNAL-IP   PORT(S)          AGE
hello-minikube      NodePort    10.106.206.120   <none>        8080:30661/TCP   167m
k8s-test-node-app   ClusterIP   10.100.21.133    <none>        3000/TCP         4s
kubernetes          ClusterIP   10.96.0.1        <none>        443/TCP          177m
PS D:\Prashant\development\test-pocs> kubectl get pods
NAME                                 READY   STATUS    RESTARTS       AGE
hello-minikube-5c898d8489-7qbnb      1/1     Running   1 (164m ago)   178m
k8s-test-node-app-7d68f496f9-7hqzn   1/1     Running   0              11m
PS D:\Prashant\development\test-pocs> kubectl scale deployment k8s-test-node-app --replicas=3
deployment.apps/k8s-test-node-app scaled
PS D:\Prashant\development\test-pocs> kubectl get pods
NAME                                 READY   STATUS    RESTARTS       AGE
hello-minikube-5c898d8489-7qbnb      1/1     Running   1 (165m ago)   179m
k8s-test-node-app-7d68f496f9-7hqzn   1/1     Running   0              12m
k8s-test-node-app-7d68f496f9-kbkkm   1/1     Running   0              3s
k8s-test-node-app-7d68f496f9-qb7v9   1/1     Running   0              3s
PS D:\Prashant\development\test-pocs> kubectl get pods
NAME                                 READY   STATUS    RESTARTS       AGE
hello-minikube-5c898d8489-7qbnb      1/1     Running   1 (165m ago)   179m
k8s-test-node-app-7d68f496f9-7hqzn   1/1     Running   0              12m
k8s-test-node-app-7d68f496f9-kbkkm   1/1     Running   0              4s
k8s-test-node-app-7d68f496f9-qb7v9   1/1     Running   0              4s
PS D:\Prashant\development\test-pocs> kubectl get pods
NAME                                 READY   STATUS    RESTARTS       AGE
hello-minikube-5c898d8489-7qbnb      1/1     Running   1 (165m ago)   179m
k8s-test-node-app-7d68f496f9-7hqzn   1/1     Running   0              12m
k8s-test-node-app-7d68f496f9-kbkkm   1/1     Running   0              5s
k8s-test-node-app-7d68f496f9-qb7v9   1/1     Running   0              5s
PS D:\Prashant\development\test-pocs> kubectl get services
NAME                TYPE        CLUSTER-IP       EXTERNAL-IP   PORT(S)          AGE
hello-minikube      NodePort    10.106.206.120   <none>        8080:30661/TCP   179m
k8s-test-node-app   ClusterIP   10.100.21.133    <none>        3000/TCP         12m
kubernetes          ClusterIP   10.96.0.1        <none>        443/TCP          3h9m
PS D:\Prashant\development\test-pocs> kubectl get pods -o wide
NAME                                 READY   STATUS    RESTARTS       AGE   IP            NODE       NOMINATED NODE   READINESS GATES
hello-minikube-5c898d8489-7qbnb      1/1     Running   1 (165m ago)   3h    10.244.0.8    minikube   <none>           <none>
k8s-test-node-app-7d68f496f9-7hqzn   1/1     Running   0              13m   10.244.0.20   minikube   <none>           <none>
k8s-test-node-app-7d68f496f9-kbkkm   1/1     Running   0              56s   10.244.0.22   minikube   <none>           <none>
k8s-test-node-app-7d68f496f9-qb7v9   1/1     Running   0              56s   10.244.0.21   minikube   <none>           <none>
PS D:\Prashant\development\test-pocs> kubectl get services
NAME                TYPE        CLUSTER-IP       EXTERNAL-IP   PORT(S)          AGE
hello-minikube      NodePort    10.106.206.120   <none>        8080:30661/TCP   3h3m
k8s-test-node-app   ClusterIP   10.100.21.133    <none>        3000/TCP         16m
kubernetes          ClusterIP   10.96.0.1        <none>        443/TCP          3h13m
PS D:\Prashant\development\test-pocs> kubectl get services
NAME                TYPE        CLUSTER-IP       EXTERNAL-IP   PORT(S)          AGE
hello-minikube      NodePort    10.106.206.120   <none>        8080:30661/TCP   3h52m
k8s-test-node-app   ClusterIP   10.100.21.133    <none>        3000/TCP         65m
kubernetes          ClusterIP   10.96.0.1        <none>        443/TCP          4h2m
PS D:\Prashant\development\test-pocs> kubectl delete services k8s-test-node-app
service "k8s-test-node-app" deleted
PS D:\Prashant\development\test-pocs> kubectl get services
NAME             TYPE        CLUSTER-IP       EXTERNAL-IP   PORT(S)          AGE
hello-minikube   NodePort    10.106.206.120   <none>        8080:30661/TCP   3h53m
kubernetes       ClusterIP   10.96.0.1        <none>        443/TCP          4h2m
PS D:\Prashant\development\test-pocs> kubectl deployment k8s-test-node-app --type=NodePort --port=3000
error: unknown command "deployment" for "kubectl"
PS D:\Prashant\development\test-pocs> kubectl expose  deployment k8s-test-node-app --type=NodePort --port=3000
service/k8s-test-node-app exposed
PS D:\Prashant\development\test-pocs> kubectl get services
NAME                TYPE        CLUSTER-IP       EXTERNAL-IP   PORT(S)          AGE
hello-minikube      NodePort    10.106.206.120   <none>        8080:30661/TCP   3h54m
k8s-test-node-app   NodePort    10.108.252.181   <none>        3000:31916/TCP   7s
kubernetes          ClusterIP   10.96.0.1        <none>        443/TCP          4h4m
PS D:\Prashant\development\test-pocs> minikube ip
192.168.49.2
PS D:\Prashant\development\test-pocs> minikube service k8s-test-node-app
|-----------|-------------------|-------------|---------------------------|
| NAMESPACE |       NAME        | TARGET PORT |            URL            |
|-----------|-------------------|-------------|---------------------------|
| default   | k8s-test-node-app |        3000 | http://192.168.49.2:31916 |
|-----------|-------------------|-------------|---------------------------|
ðŸƒ  Starting tunnel for service k8s-test-node-app.
|-----------|-------------------|-------------|------------------------|
| NAMESPACE |       NAME        | TARGET PORT |          URL           |
|-----------|-------------------|-------------|------------------------|
| default   | k8s-test-node-app |             | http://127.0.0.1:13653 |
|-----------|-------------------|-------------|------------------------|
ðŸŽ‰  Opening service default/k8s-test-node-app in default browser...
â—  Because you are using a Docker driver on windows, the terminal needs to be open to run it.
âœ‹  Stopping tunnel for service k8s-test-node-app.
PS D:\Prashant\development\test-pocs> minikube service k8s-test-node-app --url
http://127.0.0.1:13790
â—  Because you are using a Docker driver on windows, the terminal needs to be open to run it.
PS D:\Prashant\development\test-pocs> kubectl delete services k8s-test-node-app
service "k8s-test-node-app" deleted
PS D:\Prashant\development\test-pocs> kubectl get services
NAME             TYPE        CLUSTER-IP       EXTERNAL-IP   PORT(S)          AGE
hello-minikube   NodePort    10.106.206.120   <none>        8080:30661/TCP   4h4m
kubernetes       ClusterIP   10.96.0.1        <none>        443/TCP          4h14m
PS D:\Prashant\development\test-pocs> kubectl expose  deployment k8s-test-node-app --type=LoadBalancer --port=3000
service/k8s-test-node-app exposed
PS D:\Prashant\development\test-pocs> kubectl get services
NAME                TYPE           CLUSTER-IP       EXTERNAL-IP   PORT(S)          AGE
hello-minikube      NodePort       10.106.206.120   <none>        8080:30661/TCP   4h5m
k8s-test-node-app   LoadBalancer   10.98.63.58      <pending>     3000:31808/TCP   4s
kubernetes          ClusterIP      10.96.0.1        <none>        443/TCP          4h15m
PS D:\Prashant\development\test-pocs> kubectl get services
NAME                TYPE           CLUSTER-IP       EXTERNAL-IP   PORT(S)          AGE
hello-minikube      NodePort       10.106.206.120   <none>        8080:30661/TCP   4h5m
k8s-test-node-app   LoadBalancer   10.98.63.58      <pending>     3000:31808/TCP   10s
kubernetes          ClusterIP      10.96.0.1        <none>        443/TCP          4h15m
PS D:\Prashant\development\test-pocs> minikube service k8s-test-node-app
|-----------|-------------------|-------------|---------------------------|
| NAMESPACE |       NAME        | TARGET PORT |            URL            |
|-----------|-------------------|-------------|---------------------------|
| default   | k8s-test-node-app |        3000 | http://192.168.49.2:31808 |
|-----------|-------------------|-------------|---------------------------|
ðŸƒ  Starting tunnel for service k8s-test-node-app.
|-----------|-------------------|-------------|------------------------|
| NAMESPACE |       NAME        | TARGET PORT |          URL           |
|-----------|-------------------|-------------|------------------------|
| default   | k8s-test-node-app |             | http://127.0.0.1:14031 |
|-----------|-------------------|-------------|------------------------|
ðŸŽ‰  Opening service default/k8s-test-node-app in default browser...
â—  Because you are using a Docker driver on windows, the terminal needs to be open to run it.
âœ‹  Stopping tunnel for service k8s-test-node-app.
PS D:\Prashant\development\test-pocs> kubectl get services
NAME                TYPE           CLUSTER-IP       EXTERNAL-IP   PORT(S)          AGE
hello-minikube      NodePort       10.106.206.120   <none>        8080:30661/TCP   4h7m
k8s-test-node-app   LoadBalancer   10.98.63.58      <pending>     3000:31808/TCP   2m3s
kubernetes          ClusterIP      10.96.0.1        <none>        443/TCP          4h17m
PS D:\Prashant\development\test-pocs> kubectl get deployments
NAME                READY   UP-TO-DATE   AVAILABLE   AGE
hello-minikube      1/1     1            1           4h7m
k8s-test-node-app   3/3     3            3           80m
PS D:\Prashant\development\test-pocs> kubectl describe k8s-test-node-app
error: the server doesn't have a resource type "k8s-test-node-app"
PS D:\Prashant\development\test-pocs> kubectl describe deployment k8s-test-node-app
Name:                   k8s-test-node-app
Namespace:              default
CreationTimestamp:      Mon, 05 Aug 2024 12:26:15 +0530
Labels:                 app=k8s-test-node-app
Annotations:            deployment.kubernetes.io/revision: 1
Selector:               app=k8s-test-node-app
Replicas:               3 desired | 3 updated | 3 total | 3 available | 0 unavailable
StrategyType:           RollingUpdate
MinReadySeconds:        0
RollingUpdateStrategy:  25% max unavailable, 25% max surge
Pod Template:
  Labels:  app=k8s-test-node-app
  Containers:
   test-node-app:
    Image:        psahni/test-node-app:v1
    Port:         <none>
    Host Port:    <none>
    Environment:  <none>
    Mounts:       <none>
  Volumes:        <none>
Conditions:
  Type           Status  Reason
  ----           ------  ------
  Progressing    True    NewReplicaSetAvailable
  Available      True    MinimumReplicasAvailable
OldReplicaSets:  <none>
NewReplicaSet:   k8s-test-node-app-7d68f496f9 (3/3 replicas created)
Events:
  Type    Reason             Age   From                   Message
  ----    ------             ----  ----                   -------
  Normal  ScalingReplicaSet  80m   deployment-controller  Scaled up replica set k8s-test-node-app-7d68f496f9 to 1
  Normal  ScalingReplicaSet  68m   deployment-controller  Scaled up replica set k8s-test-node-app-7d68f496f9 to 3 from 1
PS D:\Prashant\development\test-pocs> docker build -t psahni/test-node-app:v2
ERROR: "docker buildx build" requires exactly 1 argument.
See 'docker buildx build --help'.

Usage:  docker buildx build [OPTIONS] PATH | URL | -

Start a build
PS D:\Prashant\development\test-pocs> docker build -t psahni/test-node-app:v2 .
[+] Building 3.7s (11/11) FINISHED                                                                                                           docker:default
 => [internal] load build definition from Dockerfile                                                                                                   0.0s
 => => transferring dockerfile: 201B                                                                                                                   0.0s
 => [internal] load metadata for docker.io/library/node:alpine                                                                                         2.2s
 => [auth] library/node:pull token for registry-1.docker.io                                                                                            0.0s
 => [internal] load .dockerignore                                                                                                                      0.0s
 => => transferring context: 2B                                                                                                                        0.0s
 => [internal] load build context                                                                                                                      0.2s
 => => transferring context: 162.13kB                                                                                                                  0.1s
 => [1/5] FROM docker.io/library/node:alpine@sha256:39005f06b2fae765764d6fdf20ad1c4d0890f5ad3e1f39b56a18768334b8ecd6                                   0.0s
 => CACHED [2/5] WORKDIR /app                                                                                                                          0.0s
 => CACHED [3/5] COPY package.json package-lock.json ./                                                                                                0.0s
 => CACHED [4/5] RUN npm install                                                                                                                       0.0s
 => [5/5] COPY . ./                                                                                                                                    0.8s
 => exporting to image                                                                                                                                 0.3s
 => => exporting layers                                                                                                                                0.3s
 => => writing image sha256:f8e9c58fd245e0efb13481978708ecabaac8042d0b95ae9619e7c138285aec78                                                           0.0s
 => => naming to docker.io/psahni/test-node-app:v2                                                                                                     0.0s

View build details: docker-desktop://dashboard/build/default/default/uqb7if9vwz2nrrp1jmi9znvuy

What's Next?
  View a summary of image vulnerabilities and recommendations â†’ docker scout quickview
PS D:\Prashant\development\test-pocs> docker rum -p3001:3000 psahni/test-node-app:v2
unknown shorthand flag: 'p' in -p3001:3000
See 'docker --help'.

Usage:  docker [OPTIONS] COMMAND

A self-sufficient runtime for containers

Common Commands:
  run         Create and run a new container from an image
  exec        Execute a command in a running container
  ps          List containers
  build       Build an image from a Dockerfile
  pull        Download an image from a registry
  push        Upload an image to a registry
  images      List images
  login       Log in to a registry
  logout      Log out from a registry
  search      Search Docker Hub for images
  version     Show the Docker version information
  info        Display system-wide information

Management Commands:
  builder     Manage builds
  buildx*     Docker Buildx (Docker Inc., v0.12.1-desktop.4)
  compose*    Docker Compose (Docker Inc., v2.24.6-desktop.1)
  container   Manage containers
  context     Manage contexts
  debug*      Get a shell into any image or container. (Docker Inc., 0.0.24)
  dev*        Docker Dev Environments (Docker Inc., v0.1.0)
  extension*  Manages Docker extensions (Docker Inc., v0.2.22)
  feedback*   Provide feedback, right in your terminal! (Docker Inc., v1.0.4)
  image       Manage images
  init*       Creates Docker-related starter files for your project (Docker Inc., v1.0.1)
  manifest    Manage Docker image manifests and manifest lists
  network     Manage networks
  plugin      Manage plugins
  sbom*       View the packaged-based Software Bill Of Materials (SBOM) for an image (Anchore Inc., 0.6.0)
  scout*      Docker Scout (Docker Inc., v1.5.0)
  system      Manage Docker
  trust       Manage trust on Docker images
  volume      Manage volumes

Swarm Commands:
  swarm       Manage Swarm

Commands:
  attach      Attach local standard input, output, and error streams to a running container
  commit      Create a new image from a container's changes
  cp          Copy files/folders between a container and the local filesystem
  create      Create a new container
  diff        Inspect changes to files or directories on a container's filesystem
  events      Get real time events from the server
  export      Export a container's filesystem as a tar archive
  history     Show the history of an image
  import      Import the contents from a tarball to create a filesystem image
  inspect     Return low-level information on Docker objects
  kill        Kill one or more running containers
  load        Load an image from a tar archive or STDIN
  logs        Fetch the logs of a container
  pause       Pause all processes within one or more containers
  port        List port mappings or a specific mapping for the container
  rename      Rename a container
  restart     Restart one or more containers
  rm          Remove one or more containers
  rmi         Remove one or more images
  save        Save one or more images to a tar archive (streamed to STDOUT by default)
  start       Start one or more stopped containers
  stats       Display a live stream of container(s) resource usage statistics
  stop        Stop one or more running containers
  tag         Create a tag TARGET_IMAGE that refers to SOURCE_IMAGE
  top         Display the running processes of a container
  unpause     Unpause all processes within one or more containers
  update      Update configuration of one or more containers
  wait        Block until one or more containers stop, then print their exit codes

Global Options:
      --config string      Location of client config files (default
                           "C:\\Users\\DELL\\.docker")
  -c, --context string     Name of the context to use to connect to the
                           daemon (overrides DOCKER_HOST env var and
                           default context set with "docker context use")
  -D, --debug              Enable debug mode
  -H, --host list          Daemon socket to connect to
  -l, --log-level string   Set the logging level ("debug", "info",
                           "warn", "error", "fatal") (default "info")
      --tls                Use TLS; implied by --tlsverify
      --tlscacert string   Trust certs signed only by this CA (default
                           "C:\\Users\\DELL\\.docker\\ca.pem")
      --tlscert string     Path to TLS certificate file (default
                           "C:\\Users\\DELL\\.docker\\cert.pem")
      --tlskey string      Path to TLS key file (default
                           "C:\\Users\\DELL\\.docker\\key.pem")
      --tlsverify          Use TLS and verify the remote
  -v, --version            Print version information and quit

Run 'docker COMMAND --help' for more information on a command.

For more help on how to use Docker, head to https://docs.docker.com/go/guides/

PS D:\Prashant\development\test-pocs> docker run -p3001:3000 psahni/test-node-app:v2

> test-pocs@1.0.0 start
> node app.js

Server is running on http://0.0.0.0:3000
node:_http_server:342
    throw new ERR_HTTP_HEADERS_SENT('write');
          ^

Error [ERR_HTTP_HEADERS_SENT]: Cannot write headers after they are sent to the client
    at ServerResponse.writeHead (node:_http_server:342:11)
    at file:///app/app.js:22:11 {
  code: 'ERR_HTTP_HEADERS_SENT'
}

Node.js v22.5.1
PS D:\Prashant\development\test-pocs> docker^C
PS D:\Prashant\development\test-pocs> kubectl get services
NAME                TYPE           CLUSTER-IP       EXTERNAL-IP   PORT(S)          AGE
hello-minikube      NodePort       10.106.206.120   <none>        8080:30661/TCP   4h21m
k8s-test-node-app   LoadBalancer   10.98.63.58      <pending>     3000:31808/TCP   15m
kubernetes          ClusterIP      10.96.0.1        <none>        443/TCP          4h30m
PS D:\Prashant\development\test-pocs> kubectl delete services k8s-test-node-app
service "k8s-test-node-app" deleted
PS D:\Prashant\development\test-pocs> docker run -p3001:3000 psahni/test-node-app:v2

> test-pocs@1.0.0 start
> node app.js

Server is running on http://0.0.0.0:3000
node:_http_server:342
    throw new ERR_HTTP_HEADERS_SENT('write');
          ^

Error [ERR_HTTP_HEADERS_SENT]: Cannot write headers after they are sent to the client
    at ServerResponse.writeHead (node:_http_server:342:11)
    at file:///app/app.js:22:11 {
  code: 'ERR_HTTP_HEADERS_SENT'
}

Node.js v22.5.1
PS D:\Prashant\development\test-pocs> docker build -t psahni/test-node-app:v2 .
[+] Building 1.8s (10/10) FINISHED                                                                                                           docker:default
 => [internal] load build definition from Dockerfile                                                                                                   0.0s
 => => transferring dockerfile: 201B                                                                                                                   0.0s
 => [internal] load metadata for docker.io/library/node:alpine                                                                                         1.0s
 => [internal] load .dockerignore                                                                                                                      0.0s
 => => transferring context: 2B                                                                                                                        0.0s
 => [1/5] FROM docker.io/library/node:alpine@sha256:39005f06b2fae765764d6fdf20ad1c4d0890f5ad3e1f39b56a18768334b8ecd6                                   0.0s
 => [internal] load build context                                                                                                                      0.1s
 => => transferring context: 161.88kB                                                                                                                  0.1s
 => CACHED [2/5] WORKDIR /app                                                                                                                          0.0s
 => CACHED [3/5] COPY package.json package-lock.json ./                                                                                                0.0s
 => CACHED [4/5] RUN npm install                                                                                                                       0.0s
 => [5/5] COPY . ./                                                                                                                                    0.4s
 => exporting to image                                                                                                                                 0.2s
 => => exporting layers                                                                                                                                0.2s
 => => writing image sha256:abb6b5d611d1d1cf4bd898d9c1690aba521928a6c0cb735315ec23c29e8ca1b7                                                           0.0s
 => => naming to docker.io/psahni/test-node-app:v2                                                                                                     0.0s

View build details: docker-desktop://dashboard/build/default/default/ndzgqe2mil2jze8q2alrwb4jl

What's Next?
  View a summary of image vulnerabilities and recommendations â†’ docker scout quickview
PS D:\Prashant\development\test-pocs> docker run -p3001:3000 psahni/test-node-app:v2

> test-pocs@1.0.0 start
> node app.js

Server is running on http://0.0.0.0:3000
node:_http_outgoing:945
    throw new ERR_INVALID_ARG_TYPE(
          ^

TypeError [ERR_INVALID_ARG_TYPE]: The "chunk" argument must be of type string or an instance of Buffer or Uint8Array. Received an instance of TypeError
    at write_ (node:_http_outgoing:945:11)
    at ServerResponse.end (node:_http_outgoing:1102:5)
    at file:///app/app.js:24:11 {
  code: 'ERR_INVALID_ARG_TYPE'
}

Node.js v22.5.1
PS D:\Prashant\development\test-pocs> node .\app.js
Server is running on http://0.0.0.0:3000
node:internal/errors:490
    ErrorCaptureStackTrace(err);
    ^

TypeError [ERR_INVALID_ARG_TYPE]: The "chunk" argument must be of type string or an instance of Buffer or Uint8Array. Received an instance of TypeError
    at new NodeError (node:internal/errors:399:5)
    at write_ (node:_http_outgoing:872:11)
    at ServerResponse.end (node:_http_outgoing:1019:5)
    at file:///D:/Prashant/development/test-pocs/app.js:24:11 {
  code: 'ERR_INVALID_ARG_TYPE'
}

Node.js v18.16.0
PS D:\Prashant\development\test-pocs> node .\app.js
Server is running on http://0.0.0.0:3000
<Buffer 3c 21 44 4f 43 54 59 50 45 20 68 74 6d 6c 3e 0d 0a 3c 68 74 6d 6c 3e 0d 0a 20 20 3c 68 65 61 64 3e 3c 74 69 74 6c 65 3e 4d 79 20 61 70 70 3c 2f 74 69 ... 214 more bytes>
node:internal/errors:490
    ErrorCaptureStackTrace(err);
    ^

TypeError [ERR_INVALID_ARG_TYPE]: The "chunk" argument must be of type string or an instance of Buffer or Uint8Array. Received an instance of TypeError
    at new NodeError (node:internal/errors:399:5)
    at write_ (node:_http_outgoing:872:11)
    at ServerResponse.end (node:_http_outgoing:1019:5)
    at file:///D:/Prashant/development/test-pocs/app.js:25:11 {
  code: 'ERR_INVALID_ARG_TYPE'
}

Node.js v18.16.0
PS D:\Prashant\development\test-pocs> node .\app.js
Server is running on http://0.0.0.0:3000
<Buffer 3c 21 44 4f 43 54 59 50 45 20 68 74 6d 6c 3e 0d 0a 3c 68 74 6d 6c 3e 0d 0a 20 20 3c 68 65 61 64 3e 3c 74 69 74 6c 65 3e 4d 79 20 61 70 70 3c 2f 74 69 ... 214 more bytes>
<Buffer 3c 21 44 4f 43 54 59 50 45 20 68 74 6d 6c 3e 0d 0a 3c 68 74 6d 6c 3e 0d 0a 20 20 3c 68 65 61 64 3e 3c 74 69 74 6c 65 3e 4d 79 20 61 70 70 3c 2f 74 69 ... 214 more bytes>
<Buffer 3c 21 44 4f 43 54 59 50 45 20 68 74 6d 6c 3e 0d 0a 3c 68 74 6d 6c 3e 0d 0a 20 20 3c 68 65 61 64 3e 3c 74 69 74 6c 65 3e 4d 79 20 61 70 70 3c 2f 74 69 ... 214 more bytes>
<Buffer 3c 21 44 4f 43 54 59 50 45 20 68 74 6d 6c 3e 0d 0a 3c 68 74 6d 6c 3e 0d 0a 20 20 3c 68 65 61 64 3e 3c 74 69 74 6c 65 3e 4d 79 20 61 70 70 3c 2f 74 69 ... 214 more bytes>
PS D:\Prashant\development\test-pocs> node .\app.js
Server is running on http://0.0.0.0:3000
<!DOCTYPE html>
<html>
  <head><title>My app</title>
  </head>
  <body>
    <p>This paragraph is a part of HTML.</p>
    <nav id="navigation"></nav>
    <p>This paragraph is also a part of HTML.</p>
    <p>
      {hostname}
    </p>
  </body>
</html>

node:internal/errors:490
    ErrorCaptureStackTrace(err);
    ^

TypeError [ERR_INVALID_ARG_TYPE]: The "chunk" argument must be of type string or an instance of Buffer or Uint8Array. Received an instance of TypeError
    at new NodeError (node:internal/errors:399:5)
    at write_ (node:_http_outgoing:872:11)
    at ServerResponse.end (node:_http_outgoing:1019:5)
    at file:///D:/Prashant/development/test-pocs/app.js:27:11 {
  code: 'ERR_INVALID_ARG_TYPE'
}

Node.js v18.16.0
PS D:\Prashant\development\test-pocs> node .\app.js
Server is running on http://0.0.0.0:3000
PS D:\Prashant\development\test-pocs> node .\app.js
Server is running on http://0.0.0.0:3000
<!DOCTYPE html>
<html>
  <head><title>My app</title>
  </head>
  <body>
    <p>This paragraph is a part of HTML.</p>
    <nav id="navigation"></nav>
    <p>This paragraph is also a part of HTML.</p>
    <p>
      {hostname}
    </p>
  </body>
</html>

<!DOCTYPE html>
<html>
  <head><title>My app</title>
  </head>
  <body>
    <p>This paragraph is a part of HTML.</p>
    <nav id="navigation"></nav>
    <p>This paragraph is also a part of HTML.</p>
    <p>
      {hostname}
    </p>
  </body>
</html>

<!DOCTYPE html>
<html>
  <head><title>My app</title>
  </head>
  <body>
    <p>This paragraph is a part of HTML.</p>
    <nav id="navigation"></nav>
    <p>This paragraph is also a part of HTML.</p>
    <p>
      {hostname}
    </p>
  </body>
</html>

<!DOCTYPE html>
<html>
  <head><title>My app</title>
  </head>
  <body>
    <p>This paragraph is a part of HTML.</p>
    <nav id="navigation"></nav>
    <p>This paragraph is also a part of HTML.</p>
    <p>
      {hostname}
    </p>
  </body>
</html>

<!DOCTYPE html>
<html>
  <head><title>My app</title>
  </head>
  <body>
    <p>This paragraph is a part of HTML.</p>
    <nav id="navigation"></nav>
    <p>This paragraph is also a part of HTML.</p>
    <p>
      {hostname}
    </p>
  </body>
</html>

<!DOCTYPE html>
<html>
  <head><title>My app</title>
  </head>
  <body>
    <p>This paragraph is a part of HTML.</p>
    <nav id="navigation"></nav>
    <p>This paragraph is also a part of HTML.</p>
    <p>
      {hostname}
    </p>
  </body>
</html>

PS D:\Prashant\development\test-pocs> node .\app.js
Server is running on http://0.0.0.0:3000
<!DOCTYPE html>
<html>
  <head><title>My app</title>
  </head>
  <body>
    <p>This paragraph is a part of HTML.</p>
    <nav id="navigation"></nav>
    <p>This paragraph is also a part of HTML.</p>
    <p>
      DESKTOP-BR6J1Q4
    </p>
  </body>
</html>

<!DOCTYPE html>
<html>
  <head><title>My app</title>
  </head>
  <body>
    <p>This paragraph is a part of HTML.</p>
    <nav id="navigation"></nav>
    <p>This paragraph is also a part of HTML.</p>
    <p>
      DESKTOP-BR6J1Q4
    </p>
  </body>
</html>

<!DOCTYPE html>
<html>
  <head><title>My app</title>
  </head>
  <body>
    <p>This paragraph is a part of HTML.</p>
    <nav id="navigation"></nav>
    <p>This paragraph is also a part of HTML.</p>
    <p>
      DESKTOP-BR6J1Q4
    </p>
  </body>
</html>

<!DOCTYPE html>
<html>
  <head><title>My app</title>
  </head>
  <body>
    <p>This paragraph is a part of HTML.</p>
    <nav id="navigation"></nav>
    <p>This paragraph is also a part of HTML.</p>
    <p>
      DESKTOP-BR6J1Q4
    </p>
  </body>
</html>

<!DOCTYPE html>
<html>
  <head><title>My app</title>
  </head>
  <body>
    <p>This paragraph is a part of HTML.</p>
    <nav id="navigation"></nav>
    <p>This paragraph is also a part of HTML.</p>
    <p>
      DESKTOP-BR6J1Q4
    </p>
  </body>
</html>

<!DOCTYPE html>
<html>
  <head><title>My app</title>
  </head>
  <body>
    <p>This paragraph is a part of HTML.</p>
    <nav id="navigation"></nav>
    <p>This paragraph is also a part of HTML.</p>
    <p>
      DESKTOP-BR6J1Q4
    </p>
  </body>
</html>

<!DOCTYPE html>
<html>
  <head><title>My app</title>
  </head>
  <body>
    <p>This paragraph is a part of HTML.</p>
    <nav id="navigation"></nav>
    <p>This paragraph is also a part of HTML.</p>
    <p>
      DESKTOP-BR6J1Q4
    </p>
  </body>
</html>

<!DOCTYPE html>
<html>
  <head><title>My app</title>
  </head>
  <body>
    <p>This paragraph is a part of HTML.</p>
    <nav id="navigation"></nav>
    <p>This paragraph is also a part of HTML.</p>
    <p>
      DESKTOP-BR6J1Q4
    </p>
  </body>
</html>

<!DOCTYPE html>
<html>
  <head><title>My app</title>
  </head>
  <body>
    <p>This paragraph is a part of HTML.</p>
    <nav id="navigation"></nav>
    <p>This paragraph is also a part of HTML.</p>
    <p>
      DESKTOP-BR6J1Q4
    </p>
  </body>
</html>

<!DOCTYPE html>
<html>
  <head><title>My app</title>
  </head>
  <body>
    <p>This paragraph is a part of HTML.</p>
    <nav id="navigation"></nav>
    <p>This paragraph is also a part of HTML.</p>
    <p>
      DESKTOP-BR6J1Q4
    </p>
  </body>
</html>

<!DOCTYPE html>
<html>
  <head><title>My app</title>
  </head>
  <body>
    <p>This paragraph is a part of HTML.</p>
    <nav id="navigation"></nav>
    <p>This paragraph is also a part of HTML.</p>
    <p>
      DESKTOP-BR6J1Q4
    </p>
  </body>
</html>

<!DOCTYPE html>
<html>
  <head><title>My app</title>
  </head>
  <body>
    <p>This paragraph is a part of HTML.</p>
    <nav id="navigation"></nav>
    <p>This paragraph is also a part of HTML.</p>
    <p>
      DESKTOP-BR6J1Q4
    </p>
  </body>
</html>

PS D:\Prashant\development\test-pocs> docker build -t psahni/test-node-app:v2 .
2024/08/05 14:12:48 http2: server: error reading preface from client //./pipe/docker_engine: file has already been closed
[+] Building 2.7s (11/11) FINISHED                                                                                                           docker:default
 => [internal] load build definition from Dockerfile                                                                                                   0.0s
 => => transferring dockerfile: 201B                                                                                                                   0.0s
 => [internal] load metadata for docker.io/library/node:alpine                                                                                         1.8s
 => [auth] library/node:pull token for registry-1.docker.io                                                                                            0.0s
 => [internal] load .dockerignore                                                                                                                      0.0s
 => => transferring context: 2B                                                                                                                        0.0s
 => [1/5] FROM docker.io/library/node:alpine@sha256:39005f06b2fae765764d6fdf20ad1c4d0890f5ad3e1f39b56a18768334b8ecd6                                   0.0s
 => [internal] load build context                                                                                                                      0.1s
 => => transferring context: 162.03kB                                                                                                                  0.1s
 => CACHED [2/5] WORKDIR /app                                                                                                                          0.0s
 => CACHED [3/5] COPY package.json package-lock.json ./                                                                                                0.0s
 => CACHED [4/5] RUN npm install                                                                                                                       0.0s
 => [5/5] COPY . ./                                                                                                                                    0.4s
 => exporting to image                                                                                                                                 0.2s
 => => exporting layers                                                                                                                                0.2s
 => => writing image sha256:cac537aad2fc758a9f6c4660bd0fa9c59e17c08622676b5b0bd39637e9984f94                                                           0.0s
 => => naming to docker.io/psahni/test-node-app:v2                                                                                                     0.0s

View build details: docker-desktop://dashboard/build/default/default/h8n93c0ocqeyuzjd5ipr9czz8

What's Next?
  View a summary of image vulnerabilities and recommendations â†’ docker scout quickview
PS D:\Prashant\development\test-pocs> docker run -p3001:3000 psahni/test-node-app:v2

> test-pocs@1.0.0 start
> node app.js

Server is running on http://0.0.0.0:3000
<!DOCTYPE html>
<html>
  <head><title>My app</title>
  </head>
  <body>
    <p>This paragraph is a part of HTML.</p>
    <nav id="navigation"></nav>
    <p>This paragraph is also a part of HTML.</p>
    <p>
      278a9b380c37
    </p>
  </body>
</html>

<!DOCTYPE html>
<html>
  <head><title>My app</title>
  </head>
  <body>
    <p>This paragraph is a part of HTML.</p>
    <nav id="navigation"></nav>
    <p>This paragraph is also a part of HTML.</p>
    <p>
      278a9b380c37
    </p>
  </body>
</html>

<!DOCTYPE html>
<html>
  <head><title>My app</title>
  </head>
  <body>
    <p>This paragraph is a part of HTML.</p>
    <nav id="navigation"></nav>
    <p>This paragraph is also a part of HTML.</p>
    <p>
      278a9b380c37
    </p>
  </body>
</html>

<!DOCTYPE html>
<html>
  <head><title>My app</title>
  </head>
  <body>
    <p>This paragraph is a part of HTML.</p>
    <nav id="navigation"></nav>
    <p>This paragraph is also a part of HTML.</p>
    <p>
      278a9b380c37
    </p>
  </body>
</html>

<!DOCTYPE html>
<html>
  <head><title>My app</title>
  </head>
  <body>
    <p>This paragraph is a part of HTML.</p>
    <nav id="navigation"></nav>
    <p>This paragraph is also a part of HTML.</p>
    <p>
      278a9b380c37
    </p>
  </body>
</html>

<!DOCTYPE html>
<html>
  <head><title>My app</title>
  </head>
  <body>
    <p>This paragraph is a part of HTML.</p>
    <nav id="navigation"></nav>
    <p>This paragraph is also a part of HTML.</p>
    <p>
      278a9b380c37
    </p>
  </body>
</html>

<!DOCTYPE html>
<html>
  <head><title>My app</title>
  </head>
  <body>
    <p>This paragraph is a part of HTML.</p>
    <nav id="navigation"></nav>
    <p>This paragraph is also a part of HTML.</p>
    <p>
      278a9b380c37
    </p>
  </body>
</html>

<!DOCTYPE html>
<html>
  <head><title>My app</title>
  </head>
  <body>
    <p>This paragraph is a part of HTML.</p>
    <nav id="navigation"></nav>
    <p>This paragraph is also a part of HTML.</p>
    <p>
      278a9b380c37
    </p>
  </body>
</html>

<!DOCTYPE html>
<html>
  <head><title>My app</title>
  </head>
  <body>
    <p>This paragraph is a part of HTML.</p>
    <nav id="navigation"></nav>
    <p>This paragraph is also a part of HTML.</p>
    <p>
      278a9b380c37
    </p>
  </body>
</html>

<!DOCTYPE html>
<html>
  <head><title>My app</title>
  </head>
  <body>
    <p>This paragraph is a part of HTML.</p>
    <nav id="navigation"></nav>
    <p>This paragraph is also a part of HTML.</p>
    <p>
      278a9b380c37
    </p>
  </body>
</html>

<!DOCTYPE html>
<html>
  <head><title>My app</title>
  </head>
  <body>
    <p>This paragraph is a part of HTML.</p>
    <nav id="navigation"></nav>
    <p>This paragraph is also a part of HTML.</p>
    <p>
      278a9b380c37
    </p>
  </body>
</html>

<!DOCTYPE html>
<html>
  <head><title>My app</title>
  </head>
  <body>
    <p>This paragraph is a part of HTML.</p>
    <nav id="navigation"></nav>
    <p>This paragraph is also a part of HTML.</p>
    <p>
      278a9b380c37
    </p>
  </body>
</html>

<!DOCTYPE html>
<html>
  <head><title>My app</title>
  </head>
  <body>
    <p>This paragraph is a part of HTML.</p>
    <nav id="navigation"></nav>
    <p>This paragraph is also a part of HTML.</p>
    <p>
      278a9b380c37
    </p>
  </body>
</html>

<!DOCTYPE html>
<html>
  <head><title>My app</title>
  </head>
  <body>
    <p>This paragraph is a part of HTML.</p>
    <nav id="navigation"></nav>
    <p>This paragraph is also a part of HTML.</p>
    <p>
      278a9b380c37
    </p>
  </body>
</html>

<!DOCTYPE html>
<html>
  <head><title>My app</title>
  </head>
  <body>
    <p>This paragraph is a part of HTML.</p>
    <nav id="navigation"></nav>
    <p>This paragraph is also a part of HTML.</p>
    <p>
      278a9b380c37
    </p>
  </body>
</html>

<!DOCTYPE html>
<html>
  <head><title>My app</title>
  </head>
  <body>
    <p>This paragraph is a part of HTML.</p>
    <nav id="navigation"></nav>
    <p>This paragraph is also a part of HTML.</p>
    <p>
      278a9b380c37
    </p>
  </body>
</html>

<!DOCTYPE html>
<html>
  <head><title>My app</title>
  </head>
  <body>
    <p>This paragraph is a part of HTML.</p>
    <nav id="navigation"></nav>
    <p>This paragraph is also a part of HTML.</p>
    <p>
      278a9b380c37
    </p>
  </body>
</html>

<!DOCTYPE html>
<html>
  <head><title>My app</title>
  </head>
  <body>
    <p>This paragraph is a part of HTML.</p>
    <nav id="navigation"></nav>
    <p>This paragraph is also a part of HTML.</p>
    <p>
      278a9b380c37
    </p>
  </body>
</html>

<!DOCTYPE html>
<html>
  <head><title>My app</title>
  </head>
  <body>
    <p>This paragraph is a part of HTML.</p>
    <nav id="navigation"></nav>
    <p>This paragraph is also a part of HTML.</p>
    <p>
      278a9b380c37
    </p>
  </body>
</html>

<!DOCTYPE html>
<html>
  <head><title>My app</title>
  </head>
  <body>
    <p>This paragraph is a part of HTML.</p>
    <nav id="navigation"></nav>
    <p>This paragraph is also a part of HTML.</p>
    <p>
      278a9b380c37
    </p>
  </body>
</html>

<!DOCTYPE html>
<html>
  <head><title>My app</title>
  </head>
  <body>
    <p>This paragraph is a part of HTML.</p>
    <nav id="navigation"></nav>
    <p>This paragraph is also a part of HTML.</p>
    <p>
      278a9b380c37
    </p>
  </body>
</html>

<!DOCTYPE html>
<html>
  <head><title>My app</title>
  </head>
  <body>
    <p>This paragraph is a part of HTML.</p>
    <nav id="navigation"></nav>
    <p>This paragraph is also a part of HTML.</p>
    <p>
      278a9b380c37
    </p>
  </body>
</html>

npm error path /app
npm error command failed
npm error signal SIGINT
npm error command sh -c node app.js
npm error A complete log of this run can be found in: /root/.npm/_logs/2024-08-05T08_42_54_173Z-debug-0.log
PS D:\Prashant\development\test-pocs> ^C
PS D:\Prashant\development\test-pocs> git p^C
PS D:\Prashant\development\test-pocs> docker push ^C
PS D:\Prashant\development\test-pocs> docker images
REPOSITORY                                TAG                                                                          IMAGE ID       CREATED          SIZE
psahni/test-node-app                      v2                                                                           cac537aad2fc   39 seconds ago   195MB
<none>                                    <none>                                                                       abb6b5d611d1   11 minutes ago   195MB
<none>                                    <none>                                                                       f8e9c58fd245   14 minutes ago   195MB
psahni/test-node-app                      latest                                                                       3e98b62cf532   2 hours ago      195MB
psahni/test-node-app                      v1                                                                           3e98b62cf532   2 hours ago      195MB
booking_server_app                        latest                                                                       2d186d33c60d   9 days ago       902MB
go_lang_base_app                          latest                                                                       c5338a7890f6   11 days ago      895MB
<none>                                    <none>                                                                       fcb8686675c3   11 days ago      895MB
<none>                                    <none>                                                                       8abda3957ac4   11 days ago      895MB
<none>                                    <none>                                                                       0bf1812e31b7   11 days ago      895MB
<none>                                    <none>                                                                       18b7a90830df   11 days ago      895MB
go-lang-base-app-web                      latest                                                                       17ff6d442add   11 days ago      895MB
nginx                                     latest                                                                       a72860cb95fd   6 weeks ago      188MB
postgres                                  latest                                                                       07a4ee949b9e   2 months ago     432MB
gcr.io/k8s-minikube/kicbase               v0.0.44                                                                      5a6e59a9bdc0   2 months ago     1.26GB
docker/desktop-kubernetes                 kubernetes-v1.29.1-cni-v1.4.0-critools-v1.29.0-cri-dockerd-v0.3.8-1-debian   ace10e261811   6 months ago     438MB
registry.k8s.io/kube-apiserver            v1.29.1                                                                      53b148a9d196   6 months ago     127MB
registry.k8s.io/kube-scheduler            v1.29.1                                                                      406945b51154   6 months ago     59.5MB
registry.k8s.io/kube-proxy                v1.29.1                                                                      43c6c10396b8   6 months ago     82.3MB
registry.k8s.io/kube-controller-manager   v1.29.1                                                                      79d451ca186a   6 months ago     122MB
registry.k8s.io/etcd                      3.5.10-0                                                                     a0eed15eed44   9 months ago     148MB
registry.k8s.io/coredns/coredns           v1.11.1                                                                      cbb01a7bd410   11 months ago    59.8MB
docker/desktop-vpnkit-controller          dc331cb22850be0cdd97c84a9cfecaf44a1afb6e                                     556098075b3d   14 months ago    36.2MB
registry.k8s.io/pause                     3.9                                                                          e6f181688397   22 months ago    744kB
docker/desktop-storage-provisioner        v2.0                                                                         99f89471f470   3 years ago      41.9MB
PS D:\Prashant\development\test-pocs> docker build -t psahni/test-node-app:v2 .^C
PS D:\Prashant\development\test-pocs> docker push psahni/test-node-app:v2
The push refers to repository [docker.io/psahni/test-node-app]
42e2b9d9923f: Pushed
9e78a28b89d3: Layer already exists
bb7533b07bff: Layer already exists
d75187bbde68: Layer already exists
a64fa369054d: Layer already exists
1a944437090a: Layer already exists
4b76468bfe06: Layer already exists
78561cef0761: Layer already exists
v2: digest: sha256:d8a589e9fe614f0295aac2043c62a2eb68280f1d4e051489b695d8ab1b17eb98 size: 1995
PS D:\Prashant\development\test-pocs> kubectl set image deployment ^C
PS D:\Prashant\development\test-pocs> kubectl get deployments
NAME                READY   UP-TO-DATE   AVAILABLE   AGE
hello-minikube      1/1     1            1           4h35m
k8s-test-node-app   3/3     3            3           108m
PS D:\Prashant\development\test-pocs> ^C
PS D:\Prashant\development\test-pocs> kubectl set image deployment k8s-test-node-app k8s-test-node-app=psahni/test-node-app:v2^C
PS D:\Prashant\development\test-pocs>  kubectl expose  deployment k8s-test-node-app --type=NodePort --port=3000
service/k8s-test-node-app exposed
PS D:\Prashant\development\test-pocs>  minikube service k8s-test-node-app
|-----------|-------------------|-------------|---------------------------|
| NAMESPACE |       NAME        | TARGET PORT |            URL            |
|-----------|-------------------|-------------|---------------------------|
| default   | k8s-test-node-app |        3000 | http://192.168.49.2:31924 |
|-----------|-------------------|-------------|---------------------------|
ðŸƒ  Starting tunnel for service k8s-test-node-app.
|-----------|-------------------|-------------|-----------------------|
| NAMESPACE |       NAME        | TARGET PORT |          URL          |
|-----------|-------------------|-------------|-----------------------|
| default   | k8s-test-node-app |             | http://127.0.0.1:2472 |
|-----------|-------------------|-------------|-----------------------|
ðŸŽ‰  Opening service default/k8s-test-node-app in default browser...
â—  Because you are using a Docker driver on windows, the terminal needs to be open to run it.
âœ‹  Stopping tunnel for service k8s-test-node-app.
PS D:\Prashant\development\test-pocs> kubectl get services
NAME                TYPE        CLUSTER-IP       EXTERNAL-IP   PORT(S)          AGE
hello-minikube      NodePort    10.106.206.120   <none>        8080:30661/TCP   4h37m
k8s-test-node-app   NodePort    10.111.85.152    <none>        3000:31924/TCP   25s
kubernetes          ClusterIP   10.96.0.1        <none>        443/TCP          4h47m
PS D:\Prashant\development\test-pocs> kubectl set image deployment k8s-test-node-app k8s-test-node-app=psahni/test-node-app:v2
error: unable to find container named "k8s-test-node-app"
PS D:\Prashant\development\test-pocs> docker ps -a
CONTAINER ID   IMAGE                                 COMMAND                  CREATED          STATUS                      PORTS
                                                                                   NAMES
278a9b380c37   psahni/test-node-app:v2               "docker-entrypoint.sâ€¦"   4 minutes ago    Exited (1) 3 minutes ago
                                                                                   sharp_keller
cef634ff7819   abb6b5d611d1                          "docker-entrypoint.sâ€¦"   15 minutes ago   Exited (1) 15 minutes ago
                                                                                   pedantic_rubin
881047dc815d   f8e9c58fd245                          "docker-entrypoint.sâ€¦"   16 minutes ago   Exited (1) 16 minutes ago
                                                                                   friendly_dewdney
59a6a544609f   f8e9c58fd245                          "docker-entrypoint.sâ€¦"   17 minutes ago   Exited (1) 17 minutes ago
                                                                                   admiring_allen
d12bd94721f9   psahni/test-node-app                  "docker-entrypoint.sâ€¦"   2 hours ago      Exited (1) 2 hours ago
                                                                                   gracious_jennings
7e33507e36ec   7884ebc458af                          "docker-entrypoint.sâ€¦"   4 hours ago      Exited (1) 4 hours ago
                                                                                   elated_noyce
d5511626a4dc   7884ebc458af                          "docker-entrypoint.sâ€¦"   4 hours ago      Exited (1) 4 hours ago
                                                                                   dreamy_grothendieck
3bffec19bf4b   gcr.io/k8s-minikube/kicbase:v0.0.44   "/usr/local/bin/entrâ€¦"   5 hours ago      Up 4 hours                  127.0.0.1:9135->22/tcp, 127.0.0.1:9136->2376/tcp, 127.0.0.1:9138->5000/tcp, 127.0.0.1:9139->8443/tcp, 127.0.0.1:9137->32443/tcp   minikube
aa33c2f3061f   booking_server_app:latest             "air"                    9 days ago       Exited (0) 9 days ago
                                                                                   distracted_lalande
02e4bbcab0d3   go_lang_base_app:latest               "air -- http_server"     9 days ago       Exited (0) 9 days ago
                                                                                   heuristic_noether
4f36d1102dce   go_lang_base_app:latest               "air -- http_server"     9 days ago       Exited (0) 9 days ago
                                                                                   blissful_galileo
86bbb8a52675   go_lang_base_app:latest               "air -- http_server"     9 days ago       Exited (0) 9 days ago
                                                                                   recursing_shamir
f1d2c83dcfc1   go_lang_base_app:latest               "air -- http_server"     9 days ago       Created
                                                                                   cool_dhawan
9cab01fab44c   go_lang_base_app:latest               "air -- http_server"     11 days ago      Exited (0) 11 days ago
                                                                                   unruffled_dhawan
7ef609298505   go_lang_base_app:latest               "air -- http_server"     11 days ago      Exited (0) 11 days ago
                                                                                   interesting_lichterman
b41b863a6708   fcb8686675c3                          "air -- http_server"     11 days ago      Exited (0) 11 days ago
                                                                                   quirky_cohen
a5b00a1ae8b0   8abda3957ac4                          "air -- http_server"     11 days ago      Exited (0) 11 days ago
                                                                                   epic_bouman
4429b09a6405   0bf1812e31b7                          "air -- http_server"     11 days ago      Exited (0) 11 days ago
                                                                                   wizardly_dirac
6efe34cbbdc3   18b7a90830df                          "air"                    11 days ago      Exited (0) 11 days ago
                                                                                   gallant_solomon
PS D:\Prashant\development\test-pocs> docker ps
CONTAINER ID   IMAGE                                 COMMAND                  CREATED       STATUS       PORTS
                                                                 NAMES
3bffec19bf4b   gcr.io/k8s-minikube/kicbase:v0.0.44   "/usr/local/bin/entrâ€¦"   5 hours ago   Up 4 hours   127.0.0.1:9135->22/tcp, 127.0.0.1:9136->2376/tcp, 127.0.0.1:9138->5000/tcp, 127.0.0.1:9139->8443/tcp, 127.0.0.1:9137->32443/tcp   minikube
PS D:\Prashant\development\test-pocs> kubectl set image deployment k8s-test-node-app k8s-test-node-app=psahni/test-node-app:v2
error: unable to find container named "k8s-test-node-app"
PS D:\Prashant\development\test-pocs> kubectl get services
NAME                TYPE        CLUSTER-IP       EXTERNAL-IP   PORT(S)          AGE
hello-minikube      NodePort    10.106.206.120   <none>        8080:30661/TCP   4h38m
k8s-test-node-app   NodePort    10.111.85.152    <none>        3000:31924/TCP   89s
kubernetes          ClusterIP   10.96.0.1        <none>        443/TCP          4h48m
PS D:\Prashant\development\test-pocs> docker ps
CONTAINER ID   IMAGE                                 COMMAND                  CREATED       STATUS       PORTS
                           NAMES
3bffec19bf4b   gcr.io/k8s-minikube/kicbase:v0.0.44   "/usr/local/bin/entrâ€¦"   5 hours ago   Up 4 hours   127.0.0.1:9135->22/tcp, 127.0.0.1:9136->2376/tcp, 127.0.0.1:9138->5000/tcp, 127.0.0.1:9139->8443/tcp, 127.0.0.1:9137->32443/tcp   minikube
PS D:\Prashant\development\test-pocs> docker ps  -a
CONTAINER ID   IMAGE                                 COMMAND                  CREATED          STATUS                      PORTS
                                             NAMES
278a9b380c37   psahni/test-node-app:v2               "docker-entrypoint.sâ€¦"   5 minutes ago    Exited (1) 4 minutes ago
                                             sharp_keller
cef634ff7819   abb6b5d611d1                          "docker-entrypoint.sâ€¦"   16 minutes ago   Exited (1) 16 minutes ago
                                             pedantic_rubin
881047dc815d   f8e9c58fd245                          "docker-entrypoint.sâ€¦"   17 minutes ago   Exited (1) 17 minutes ago
                                             friendly_dewdney
59a6a544609f   f8e9c58fd245                          "docker-entrypoint.sâ€¦"   18 minutes ago   Exited (1) 18 minutes ago
                                             admiring_allen
d12bd94721f9   psahni/test-node-app                  "docker-entrypoint.sâ€¦"   2 hours ago      Exited (1) 2 hours ago
                                             gracious_jennings
7e33507e36ec   7884ebc458af                          "docker-entrypoint.sâ€¦"   4 hours ago      Exited (1) 4 hours ago
                                             elated_noyce
d5511626a4dc   7884ebc458af                          "docker-entrypoint.sâ€¦"   4 hours ago      Exited (1) 4 hours ago
                                             dreamy_grothendieck
3bffec19bf4b   gcr.io/k8s-minikube/kicbase:v0.0.44   "/usr/local/bin/entrâ€¦"   5 hours ago      Up 4 hours                  127.0.0.1:9135->22/tcp, 127.0.0.1:9136->2376/tcp, 127.0.0.1:9138->5000/tcp, 127.0.0.1:9139->8443/tcp, 127.0.0.1:9137->32443/tcp   minikube
aa33c2f3061f   booking_server_app:latest             "air"                    9 days ago       Exited (0) 9 days ago
                                             distracted_lalande
02e4bbcab0d3   go_lang_base_app:latest               "air -- http_server"     9 days ago       Exited (0) 9 days ago
                                             heuristic_noether
4f36d1102dce   go_lang_base_app:latest               "air -- http_server"     9 days ago       Exited (0) 9 days ago
                                             blissful_galileo
86bbb8a52675   go_lang_base_app:latest               "air -- http_server"     9 days ago       Exited (0) 9 days ago
                                             recursing_shamir
f1d2c83dcfc1   go_lang_base_app:latest               "air -- http_server"     9 days ago       Created
                                             cool_dhawan
9cab01fab44c   go_lang_base_app:latest               "air -- http_server"     11 days ago      Exited (0) 11 days ago
                                             unruffled_dhawan
7ef609298505   go_lang_base_app:latest               "air -- http_server"     11 days ago      Exited (0) 11 days ago
                                             interesting_lichterman
b41b863a6708   fcb8686675c3                          "air -- http_server"     11 days ago      Exited (0) 11 days ago
                                             quirky_cohen
a5b00a1ae8b0   8abda3957ac4                          "air -- http_server"     11 days ago      Exited (0) 11 days ago
                                             epic_bouman
4429b09a6405   0bf1812e31b7                          "air -- http_server"     11 days ago      Exited (0) 11 days ago
                                             wizardly_dirac
6efe34cbbdc3   18b7a90830df                          "air"                    11 days ago      Exited (0) 11 days ago
                                             gallant_solomon
PS D:\Prashant\development\test-pocs> kubectl set image deployment k8s-test-node-app k8s-test-node-app=psahni/test-node-app:v2^C
PS D:\Prashant\development\test-pocs> kubectl get deployments
NAME                READY   UP-TO-DATE   AVAILABLE   AGE
hello-minikube      1/1     1            1           4h39m
k8s-test-node-app   3/3     3            3           112m
PS D:\Prashant\development\test-pocs> kubectl get services
NAME                TYPE        CLUSTER-IP       EXTERNAL-IP   PORT(S)          AGE
hello-minikube      NodePort    10.106.206.120   <none>        8080:30661/TCP   4h40m
k8s-test-node-app   NodePort    10.111.85.152    <none>        3000:31924/TCP   3m52s
kubernetes          ClusterIP   10.96.0.1        <none>        443/TCP          4h50m
PS D:\Prashant\development\test-pocs> kubectl get pods
NAME                                 READY   STATUS    RESTARTS        AGE
hello-minikube-5c898d8489-7qbnb      1/1     Running   1 (4h26m ago)   4h41m
k8s-test-node-app-7d68f496f9-7hqzn   1/1     Running   0               113m
k8s-test-node-app-7d68f496f9-kbkkm   1/1     Running   0               101m
k8s-test-node-app-7d68f496f9-qb7v9   1/1     Running   0               101m
PS D:\Prashant\development\test-pocs> kubectl get containers
error: the server doesn't have a resource type "containers"
PS D:\Prashant\development\test-pocs> kubectl get pods k8s-test-node-app-7d68f496f9-qb7v9 -o jsonpath='{.spec.containers[*].name}'
test-node-app
PS D:\Prashant\development\test-pocs> ^C
PS D:\Prashant\development\test-pocs> kubectl get deployments
NAME                READY   UP-TO-DATE   AVAILABLE   AGE
hello-minikube      1/1     1            1           4h42m
k8s-test-node-app   3/3     3            3           115m
PS D:\Prashant\development\test-pocs> kubectl get pods k8s-test-node-app-7d68f496f9-qb7v9 -o jsonpath='{.spec.containers[*].name}'
test-node-app
PS D:\Prashant\development\test-pocs> kubectl get pods k8s-test-node-app-7d68f496f9-kbkkm -o jsonpath='{.spec.containers[*].name}'
test-node-app
PS D:\Prashant\development\test-pocs> kubectl set image deployment k8s-test-node-app test-node-app=psahni/test-node-app:v2
deployment.apps/k8s-test-node-app image updated
PS D:\Prashant\development\test-pocs> kubectl rollout status deployment k8s-test-node-app
deployment "k8s-test-node-app" successfully rolled out
PS D:\Prashant\development\test-pocs> kubectl get pods
NAME                                 READY   STATUS    RESTARTS        AGE
hello-minikube-5c898d8489-7qbnb      1/1     Running   1 (4h30m ago)   4h45m
k8s-test-node-app-5977fcf7c4-4t9lg   1/1     Running   0               74s
k8s-test-node-app-5977fcf7c4-sd2db   1/1     Running   0               66s
k8s-test-node-app-5977fcf7c4-xscsr   1/1     Running   0               68s
PS D:\Prashant\development\test-pocs> kubectl get services
NAME                TYPE        CLUSTER-IP       EXTERNAL-IP   PORT(S)          AGE
hello-minikube      NodePort    10.106.206.120   <none>        8080:30661/TCP   4h45m
k8s-test-node-app   NodePort    10.111.85.152    <none>        3000:31924/TCP   8m18s
kubernetes          ClusterIP   10.96.0.1        <none>        443/TCP          4h55m
PS D:\Prashant\development\test-pocs> kubectl delete service k8s-test-node-app
service "k8s-test-node-app" deleted
PS D:\Prashant\development\test-pocs> kubectl expose  deployment k8s-test-node-app --type=LoadBalancer --port=3000
service/k8s-test-node-app exposed
PS D:\Prashant\development\test-pocs> kubectl get services
NAME                TYPE           CLUSTER-IP       EXTERNAL-IP   PORT(S)          AGE
hello-minikube      NodePort       10.106.206.120   <none>        8080:30661/TCP   4h46m
k8s-test-node-app   LoadBalancer   10.110.244.163   <pending>     3000:30997/TCP   4s
kubernetes          ClusterIP      10.96.0.1        <none>        443/TCP          4h56m
PS D:\Prashant\development\test-pocs> minikube service

âŒ  Exiting due to MK_USAGE: You must specify service name(s) or --all

PS D:\Prashant\development\test-pocs> minikube service k8s-test-node-app
|-----------|-------------------|-------------|---------------------------|
| NAMESPACE |       NAME        | TARGET PORT |            URL            |
|-----------|-------------------|-------------|---------------------------|
| default   | k8s-test-node-app |        3000 | http://192.168.49.2:30997 |
|-----------|-------------------|-------------|---------------------------|
ðŸƒ  Starting tunnel for service k8s-test-node-app.
|-----------|-------------------|-------------|-----------------------|
| NAMESPACE |       NAME        | TARGET PORT |          URL          |
|-----------|-------------------|-------------|-----------------------|
| default   | k8s-test-node-app |             | http://127.0.0.1:3013 |
|-----------|-------------------|-------------|-----------------------|
ðŸŽ‰  Opening service default/k8s-test-node-app in default browser...
â—  Because you are using a Docker driver on windows, the terminal needs to be open to run it.
âœ‹  Stopping tunnel for service k8s-test-node-app.
PS D:\Prashant\development\test-pocs> minikube dashboard
ðŸ”Œ  Enabling dashboard ...
    â–ª Using image docker.io/kubernetesui/metrics-scraper:v1.0.8
    â–ª Using image docker.io/kubernetesui/dashboard:v2.7.0
ðŸ’¡  Some dashboard features require the metrics-server addon. To enable all features please run:

        minikube addons enable metrics-server

ðŸ¤”  Verifying dashboard health ...
ðŸš€  Launching proxy ...
ðŸ¤”  Verifying proxy health ...
ðŸŽ‰  Opening http://127.0.0.1:3636/api/v1/namespaces/kubernetes-dashboard/services/http:kubernetes-dashboard:/proxy/ in your default browser...
PS D:\Prashant\development\test-pocs>  kubectl proxy --port=8080
Starting to serve on 127.0.0.1:8080
PS D:\Prashant\development\test-pocs>  kubectl proxy --port=8080 kubectl proxy --port=8080 kubectl proxy --port=8080^C
PS D:\Prashant\development\test-pocs> ^C
PS D:\Prashant\development\test-pocs> kubectl delete all --all
pod "hello-minikube-5c898d8489-7qbnb" deleted
pod "k8s-test-node-app-5977fcf7c4-4t9lg" deleted
pod "k8s-test-node-app-5977fcf7c4-sd2db" deleted
pod "k8s-test-node-app-5977fcf7c4-xscsr" deleted
service "hello-minikube" deleted
service "k8s-test-node-app" deleted
service "kubernetes" deleted
deployment.apps "hello-minikube" deleted
deployment.apps "k8s-test-node-app" deleted
PS D:\Prashant\development\test-pocs> kubectl get pods
NAME                                 READY   STATUS        RESTARTS   AGE
k8s-test-node-app-5977fcf7c4-czcc5   1/1     Terminating   0          17s
k8s-test-node-app-5977fcf7c4-ncw9v   1/1     Terminating   0          18s
k8s-test-node-app-5977fcf7c4-r44lj   1/1     Terminating   0          18s
PS D:\Prashant\development\test-pocs> kubectl get pods
NAME                                 READY   STATUS        RESTARTS   AGE
k8s-test-node-app-5977fcf7c4-czcc5   1/1     Terminating   0          19s
k8s-test-node-app-5977fcf7c4-ncw9v   1/1     Terminating   0          20s
k8s-test-node-app-5977fcf7c4-r44lj   1/1     Terminating   0          20s
PS D:\Prashant\development\test-pocs> kubectl get pods
NAME                                 READY   STATUS        RESTARTS   AGE
k8s-test-node-app-5977fcf7c4-czcc5   1/1     Terminating   0          20s
k8s-test-node-app-5977fcf7c4-ncw9v   1/1     Terminating   0          21s
k8s-test-node-app-5977fcf7c4-r44lj   1/1     Terminating   0          21s
PS D:\Prashant\development\test-pocs> kubectl get pods
NAME                                 READY   STATUS        RESTARTS   AGE
k8s-test-node-app-5977fcf7c4-czcc5   1/1     Terminating   0          21s
k8s-test-node-app-5977fcf7c4-ncw9v   1/1     Terminating   0          22s
k8s-test-node-app-5977fcf7c4-r44lj   1/1     Terminating   0          22s
PS D:\Prashant\development\test-pocs> kubectl get pods
NAME                                 READY   STATUS        RESTARTS   AGE
k8s-test-node-app-5977fcf7c4-czcc5   1/1     Terminating   0          22s
k8s-test-node-app-5977fcf7c4-ncw9v   1/1     Terminating   0          23s
k8s-test-node-app-5977fcf7c4-r44lj   1/1     Terminating   0          23s
PS D:\Prashant\development\test-pocs> kubectl get pods
NAME                                 READY   STATUS        RESTARTS   AGE
k8s-test-node-app-5977fcf7c4-czcc5   1/1     Terminating   0          34s
k8s-test-node-app-5977fcf7c4-ncw9v   1/1     Terminating   0          35s
k8s-test-node-app-5977fcf7c4-r44lj   1/1     Terminating   0          35s
PS D:\Prashant\development\test-pocs> kubectl get pods
NAME                                 READY   STATUS        RESTARTS   AGE
k8s-test-node-app-5977fcf7c4-r44lj   0/1     Terminating   0          35s
PS D:\Prashant\development\test-pocs> kubectl get pods
No resources found in default namespace.
PS D:\Prashant\development\test-pocs> kubectl get services
NAME         TYPE        CLUSTER-IP   EXTERNAL-IP   PORT(S)   AGE
kubernetes   ClusterIP   10.96.0.1    <none>        443/TCP   36s
PS D:\Prashant\development\test-pocs> kubectl get deployments
No resources found in default namespace.
PS D:\Prashant\development\test-pocs> kubectl apply -f ^C
PS D:\Prashant\development\test-pocs> cd .\k8s\
PS D:\Prashant\development\test-pocs\k8s> kubectl apply -f .\deployment.yaml
deployment.apps/k8s-test-node-app created
PS D:\Prashant\development\test-pocs\k8s> kubectl get deployments
NAME                READY   UP-TO-DATE   AVAILABLE   AGE
k8s-test-node-app   1/1     1            1           10s
PS D:\Prashant\development\test-pocs\k8s> kubectl get pods
NAME                                READY   STATUS    RESTARTS   AGE
k8s-test-node-app-89f5bdf4c-6dx44   1/1     Running   0          17s
PS D:\Prashant\development\test-pocs\k8s> kubectl apply -f .\deployment.yaml
deployment.apps/k8s-test-node-app configured
PS D:\Prashant\development\test-pocs\k8s> kubectl get pods
NAME                                READY   STATUS    RESTARTS   AGE
k8s-test-node-app-89f5bdf4c-6dx44   1/1     Running   0          105s
k8s-test-node-app-89f5bdf4c-72z76   1/1     Running   0          3s
k8s-test-node-app-89f5bdf4c-pwx5k   1/1     Running   0          3s
PS D:\Prashant\development\test-pocs\k8s> kubectl get pods
NAME                                READY   STATUS    RESTARTS   AGE
k8s-test-node-app-89f5bdf4c-6dx44   1/1     Running   0          106s
k8s-test-node-app-89f5bdf4c-72z76   1/1     Running   0          4s
k8s-test-node-app-89f5bdf4c-pwx5k   1/1     Running   0          4s
PS D:\Prashant\development\test-pocs\k8s> kubectl get deployments
NAME                READY   UP-TO-DATE   AVAILABLE   AGE
k8s-test-node-app   3/3     3            3           117s
PS D:\Prashant\development\test-pocs\k8s> kubectl get deployments
NAME                READY   UP-TO-DATE   AVAILABLE   AGE
k8s-test-node-app   3/3     3            3           2m2s
PS D:\Prashant\development\test-pocs\k8s> kubectl get deployments
NAME                READY   UP-TO-DATE   AVAILABLE   AGE
k8s-test-node-app   3/3     3            3           2m14s
PS D:\Prashant\development\test-pocs\k8s> kubectl get services
NAME         TYPE        CLUSTER-IP   EXTERNAL-IP   PORT(S)   AGE
kubernetes   ClusterIP   10.96.0.1    <none>        443/TCP   26m
PS D:\Prashant\development\test-pocs\k8s> kubectl apply -f .\service.yaml
service/k8s-test-node-app created
PS D:\Prashant\development\test-pocs\k8s> kubectl get services
NAME                TYPE           CLUSTER-IP       EXTERNAL-IP   PORT(S)          AGE
k8s-test-node-app   LoadBalancer   10.100.219.213   <pending>     3030:30280/TCP   2s
kubernetes          ClusterIP      10.96.0.1        <none>        443/TCP          29m
PS D:\Prashant\development\test-pocs\k8s> kubectl get services
NAME                TYPE           CLUSTER-IP       EXTERNAL-IP   PORT(S)          AGE
k8s-test-node-app   LoadBalancer   10.100.219.213   <pending>     3030:30280/TCP   4s
kubernetes          ClusterIP      10.96.0.1        <none>        443/TCP          29m
PS D:\Prashant\development\test-pocs\k8s> kubectl get services
NAME                TYPE           CLUSTER-IP       EXTERNAL-IP   PORT(S)          AGE
k8s-test-node-app   LoadBalancer   10.100.219.213   <pending>     3030:30280/TCP   5s
kubernetes          ClusterIP      10.96.0.1        <none>        443/TCP          29m
PS D:\Prashant\development\test-pocs\k8s> kubectl get services
NAME                TYPE           CLUSTER-IP       EXTERNAL-IP   PORT(S)          AGE
k8s-test-node-app   LoadBalancer   10.100.219.213   <pending>     3030:30280/TCP   8s
kubernetes          ClusterIP      10.96.0.1        <none>        443/TCP          29m
PS D:\Prashant\development\test-pocs\k8s> minikube service k8s-test-node-app
|-----------|-------------------|-------------|---------------------------|
| NAMESPACE |       NAME        | TARGET PORT |            URL            |
|-----------|-------------------|-------------|---------------------------|
| default   | k8s-test-node-app |        3030 | http://192.168.49.2:30280 |
|-----------|-------------------|-------------|---------------------------|
ðŸƒ  Starting tunnel for service k8s-test-node-app.
|-----------|-------------------|-------------|-----------------------|
| NAMESPACE |       NAME        | TARGET PORT |          URL          |
|-----------|-------------------|-------------|-----------------------|
| default   | k8s-test-node-app |             | http://127.0.0.1:6885 |
|-----------|-------------------|-------------|-----------------------|
ðŸŽ‰  Opening service default/k8s-test-node-app in default browser...
â—  Because you are using a Docker driver on windows, the terminal needs to be open to run it.
âœ‹  Stopping tunnel for service k8s-test-node-app.
PS D:\Prashant\development\test-pocs\k8s> kubectl delete -f .\deployment.yaml -f .\service.yaml
deployment.apps "k8s-test-node-app" deleted
service "k8s-test-node-app" deleted
PS D:\Prashant\development\test-pocs\k8s> kubectl get services
NAME         TYPE        CLUSTER-IP   EXTERNAL-IP   PORT(S)   AGE
kubernetes   ClusterIP   10.96.0.1    <none>        443/TCP   39m
PS D:\Prashant\development\test-pocs\k8s> kubectl get deployments
No resources found in default namespace.
PS D:\Prashant\development\test-pocs\k8s>
